Command line invocation:
    /Applications/Xcode.app/Contents/Developer/usr/bin/xcodebuild -workspace ios/Runner.xcworkspace -scheme Runner -configuration Debug -destination "platform=iOS Simulator,name=iPhone 16" build

2026-01-12 17:28:03.772 xcodebuild[19227:8195424] Writing error result bundle to /var/folders/9h/3ndh4jc54tx92tvzhmb2l42h0000gn/T/ResultBundle_2026-12-01_17-28-0003.xcresult
xcodebuild: error: Unable to find a destination matching the provided destination specifier:
		{ platform:iOS Simulator, OS:latest, name:iPhone 16 }

	Ineligible destinations for the "Runner" scheme:
		{ platform:iOS, id:dvtdevice-DVTiPhonePlaceholder-iphoneos:placeholder, name:Any iOS Device, error:iOS 26.2 is not installed. Please download and install the platform from Xcode > Settings > Components. }
